2026-08-07 06:19:24.430  INFO 31588 --- [main] c.n.n.NotificationApiApplication         : Starting NotificationApiApplication using Java 21.0.10 on KritiS-LAP with PID 31588 (D:\Spring-Pro\MicroServiceProjects\notification-system\notification-api\target\classes started by kriti in D:\Spring-Pro\MicroServiceProjects\notification-system)
2026-08-07 06:19:24.449  INFO 31588 --- [main] c.n.n.NotificationApiApplication         : No active profile set, falling back to 1 default profile: "default"
2026-08-07 06:19:27.524  INFO 31588 --- [main] .s.d.r.c.RepositoryConfigurationDelegate : Bootstrapping Spring Data JPA repositories in DEFAULT mode.
2026-08-07 06:19:28.047  INFO 31588 --- [main] .s.d.r.c.RepositoryConfigurationDelegate : Finished Spring Data repository scanning in 501 ms. Found 1 JPA repository interfaces.
2026-08-07 06:19:30.157  INFO 31588 --- [main] o.s.b.w.embedded.tomcat.TomcatWebServer  : Tomcat initialized with port(s): 8081 (http)
2026-08-07 06:19:30.178  INFO 31588 --- [main] o.apache.catalina.core.StandardService   : Starting service [Tomcat]
2026-08-07 06:19:30.179  INFO 31588 --- [main] org.apache.catalina.core.StandardEngine  : Starting Servlet engine: [Apache Tomcat/9.0.83]
2026-08-07 06:19:30.485  INFO 31588 --- [main] o.a.c.c.C.[Tomcat].[localhost].[/]       : Initializing Spring embedded WebApplicationContext
2026-08-07 06:19:30.485  INFO 31588 --- [main] w.s.c.ServletWebServerApplicationContext : Root WebApplicationContext: initialization completed in 5519 ms
2026-08-07 06:19:31.233  INFO 31588 --- [main] o.hibernate.jpa.internal.util.LogHelper  : HHH000204: Processing PersistenceUnitInfo [name: default]
2026-08-07 06:19:31.371  INFO 31588 --- [main] org.hibernate.Version                    : HHH000412: Hibernate ORM core version 5.6.15.Final
2026-08-07 06:19:31.877  INFO 31588 --- [main] o.hibernate.annotations.common.Version   : HCANN000001: Hibernate Commons Annotations {5.1.2.Final}
2026-08-07 06:19:32.178  INFO 31588 --- [main] com.zaxxer.hikari.HikariDataSource       : HikariPool-1 - Starting...
2026-08-07 06:19:33.059  INFO 31588 --- [main] com.zaxxer.hikari.HikariDataSource       : HikariPool-1 - Start completed.
2026-08-07 06:19:33.231  INFO 31588 --- [main] org.hibernate.dialect.Dialect            : HHH000400: Using dialect: org.hibernate.dialect.PostgreSQLDialect
2026-08-07 06:19:34.770  INFO 31588 --- [main] o.h.e.t.j.p.i.JtaPlatformInitiator       : HHH000490: Using JtaPlatform implementation: [org.hibernate.engine.transaction.jta.platform.internal.NoJtaPlatform]
2026-08-07 06:19:34.791  INFO 31588 --- [main] j.LocalContainerEntityManagerFactoryBean : Initialized JPA EntityManagerFactory for persistence unit 'default'
2026-08-07 06:19:35.514  WARN 31588 --- [main] JpaBaseConfiguration$JpaWebConfiguration : spring.jpa.open-in-view is enabled by default. Therefore, database queries may be performed during view rendering. Explicitly configure spring.jpa.open-in-view to disable this warning
2026-08-07 06:19:36.645  INFO 31588 --- [main] o.s.b.a.e.web.EndpointLinksResolver      : Exposing 1 endpoint(s) beneath base path '/actuator'
2026-08-07 06:19:36.743  INFO 31588 --- [main] o.s.b.w.embedded.tomcat.TomcatWebServer  : Tomcat started on port(s): 8081 (http) with context path ''
2026-08-07 06:19:36.769  INFO 31588 --- [main] c.n.n.NotificationApiApplication         : Started NotificationApiApplication in 13.148 seconds (JVM running for 20.848)
2026-08-07 06:26:23.882  INFO 31588 --- [SpringApplicationShutdownHook] j.LocalContainerEntityManagerFactoryBean : Closing JPA EntityManagerFactory for persistence unit 'default'
2026-08-07 06:26:23.892  INFO 31588 --- [SpringApplicationShutdownHook] com.zaxxer.hikari.HikariDataSource       : HikariPool-1 - Shutdown initiated...
2026-08-07 06:26:23.897  INFO 31588 --- [SpringApplicationShutdownHook] com.zaxxer.hikari.HikariDataSource       : HikariPool-1 - Shutdown completed.
2026-08-07 06:26:33.244  INFO 31672 --- [main] c.n.n.NotificationApiApplication         : Starting NotificationApiApplication using Java 21.0.10 on KritiS-LAP with PID 31672 (D:\Spring-Pro\MicroServiceProjects\notification-system\notification-api\target\classes started by kriti in D:\Spring-Pro\MicroServiceProjects\notification-system)
2026-08-07 06:26:33.248  INFO 31672 --- [main] c.n.n.NotificationApiApplication         : No active profile set, falling back to 1 default profile: "default"
2026-08-07 06:26:34.110  INFO 31672 --- [main] .s.d.r.c.RepositoryConfigurationDelegate : Bootstrapping Spring Data JPA repositories in DEFAULT mode.
2026-08-07 06:26:34.165  INFO 31672 --- [main] .s.d.r.c.RepositoryConfigurationDelegate : Finished Spring Data repository scanning in 47 ms. Found 1 JPA repository interfaces.
2026-08-07 06:26:34.801  INFO 31672 --- [main] o.s.b.w.embedded.tomcat.TomcatWebServer  : Tomcat initialized with port(s): 8081 (http)
2026-08-07 06:26:34.823  INFO 31672 --- [main] o.apache.catalina.core.StandardService   : Starting service [Tomcat]
2026-08-07 06:26:34.824  INFO 31672 --- [main] org.apache.catalina.core.StandardEngine  : Starting Servlet engine: [Apache Tomcat/9.0.83]
2026-08-07 06:26:34.935  INFO 31672 --- [main] o.a.c.c.C.[Tomcat].[localhost].[/]       : Initializing Spring embedded WebApplicationContext
2026-08-07 06:26:34.936  INFO 31672 --- [main] w.s.c.ServletWebServerApplicationContext : Root WebApplicationContext: initialization completed in 1618 ms
2026-08-07 06:26:35.354  INFO 31672 --- [main] o.hibernate.jpa.internal.util.LogHelper  : HHH000204: Processing PersistenceUnitInfo [name: default]
2026-08-07 06:26:35.460  INFO 31672 --- [main] org.hibernate.Version                    : HHH000412: Hibernate ORM core version 5.6.15.Final
2026-08-07 06:26:35.869  INFO 31672 --- [main] o.hibernate.annotations.common.Version   : HCANN000001: Hibernate Commons Annotations {5.1.2.Final}
2026-08-07 06:26:36.139  INFO 31672 --- [main] com.zaxxer.hikari.HikariDataSource       : HikariPool-1 - Starting...
2026-08-07 06:26:36.670  INFO 31672 --- [main] com.zaxxer.hikari.HikariDataSource       : HikariPool-1 - Start completed.
2026-08-07 06:26:36.728  INFO 31672 --- [main] org.hibernate.dialect.Dialect            : HHH000400: Using dialect: org.hibernate.dialect.PostgreSQLDialect
2026-08-07 06:26:38.574  INFO 31672 --- [main] o.h.e.t.j.p.i.JtaPlatformInitiator       : HHH000490: Using JtaPlatform implementation: [org.hibernate.engine.transaction.jta.platform.internal.NoJtaPlatform]
2026-08-07 06:26:38.596  INFO 31672 --- [main] j.LocalContainerEntityManagerFactoryBean : Initialized JPA EntityManagerFactory for persistence unit 'default'
2026-08-07 06:26:39.339  WARN 31672 --- [main] JpaBaseConfiguration$JpaWebConfiguration : spring.jpa.open-in-view is enabled by default. Therefore, database queries may be performed during view rendering. Explicitly configure spring.jpa.open-in-view to disable this warning
2026-08-07 06:26:40.355  INFO 31672 --- [main] o.s.b.a.e.web.EndpointLinksResolver      : Exposing 1 endpoint(s) beneath base path '/actuator'
2026-08-07 06:26:40.443  INFO 31672 --- [main] o.s.b.w.embedded.tomcat.TomcatWebServer  : Tomcat started on port(s): 8081 (http) with context path ''
2026-08-07 06:26:40.465  INFO 31672 --- [main] c.n.n.NotificationApiApplication         : Started NotificationApiApplication in 7.762 seconds (JVM running for 8.335)
2026-08-07 06:27:25.881  INFO 31672 --- [http-nio-8081-exec-1] o.a.c.c.C.[Tomcat].[localhost].[/]       : Initializing Spring DispatcherServlet 'dispatcherServlet'
2026-08-07 06:27:25.882  INFO 31672 --- [http-nio-8081-exec-1] o.s.web.servlet.DispatcherServlet        : Initializing Servlet 'dispatcherServlet'
2026-08-07 06:27:25.884  INFO 31672 --- [http-nio-8081-exec-1] o.s.web.servlet.DispatcherServlet        : Completed initialization in 2 ms
2026-08-07 06:27:26.022  INFO 31672 --- [http-nio-8081-exec-1] c.n.n.controller.NotificationController  : Received notification request for channel: email
2026-08-07 06:27:26.051  INFO 31672 --- [http-nio-8081-exec-1] o.a.k.clients.producer.ProducerConfig    : ProducerConfig values: 
	acks = -1
	batch.size = 16384
	bootstrap.servers = [localhost:9092]
	buffer.memory = 33554432
	client.dns.lookup = use_all_dns_ips
	client.id = producer-1
	compression.type = none
	connections.max.idle.ms = 540000
	delivery.timeout.ms = 120000
	enable.idempotence = true
	interceptor.classes = []
	key.serializer = class org.apache.kafka.common.serialization.StringSerializer
	linger.ms = 0
	max.block.ms = 60000
	max.in.flight.requests.per.connection = 5
	max.request.size = 1048576
	metadata.max.age.ms = 300000
	metadata.max.idle.ms = 300000
	metric.reporters = []
	metrics.num.samples = 2
	metrics.recording.level = INFO
	metrics.sample.window.ms = 30000
	partitioner.class = class org.apache.kafka.clients.producer.internals.DefaultPartitioner
	receive.buffer.bytes = 32768
	reconnect.backoff.max.ms = 1000
	reconnect.backoff.ms = 50
	request.timeout.ms = 30000
	retries = 2147483647
	retry.backoff.ms = 100
	sasl.client.callback.handler.class = null
	sasl.jaas.config = null
	sasl.kerberos.kinit.cmd = /usr/bin/kinit
	sasl.kerberos.min.time.before.relogin = 60000
	sasl.kerberos.service.name = null
	sasl.kerberos.ticket.renew.jitter = 0.05
	sasl.kerberos.ticket.renew.window.factor = 0.8
	sasl.login.callback.handler.class = null
	sasl.login.class = null
	sasl.login.connect.timeout.ms = null
	sasl.login.read.timeout.ms = null
	sasl.login.refresh.buffer.seconds = 300
	sasl.login.refresh.min.period.seconds = 60
	sasl.login.refresh.window.factor = 0.8
	sasl.login.refresh.window.jitter = 0.05
	sasl.login.retry.backoff.max.ms = 10000
	sasl.login.retry.backoff.ms = 100
	sasl.mechanism = GSSAPI
	sasl.oauthbearer.clock.skew.seconds = 30
	sasl.oauthbearer.expected.audience = null
	sasl.oauthbearer.expected.issuer = null
	sasl.oauthbearer.jwks.endpoint.refresh.ms = 3600000
	sasl.oauthbearer.jwks.endpoint.retry.backoff.max.ms = 10000
	sasl.oauthbearer.jwks.endpoint.retry.backoff.ms = 100
	sasl.oauthbearer.jwks.endpoint.url = null
	sasl.oauthbearer.scope.claim.name = scope
	sasl.oauthbearer.sub.claim.name = sub
	sasl.oauthbearer.token.endpoint.url = null
	security.protocol = PLAINTEXT
	security.providers = null
	send.buffer.bytes = 131072
	socket.connection.setup.timeout.max.ms = 30000
	socket.connection.setup.timeout.ms = 10000
	ssl.cipher.suites = null
	ssl.enabled.protocols = [TLSv1.2, TLSv1.3]
	ssl.endpoint.identification.algorithm = https
	ssl.engine.factory.class = null
	ssl.key.password = null
	ssl.keymanager.algorithm = SunX509
	ssl.keystore.certificate.chain = null
	ssl.keystore.key = null
	ssl.keystore.location = null
	ssl.keystore.password = null
	ssl.keystore.type = JKS
	ssl.protocol = TLSv1.3
	ssl.provider = null
	ssl.secure.random.implementation = null
	ssl.trustmanager.algorithm = PKIX
	ssl.truststore.certificates = null
	ssl.truststore.location = null
	ssl.truststore.password = null
	ssl.truststore.type = JKS
	transaction.timeout.ms = 60000
	transactional.id = null
	value.serializer = class org.springframework.kafka.support.serializer.JsonSerializer

2026-08-07 06:27:26.107  INFO 31672 --- [http-nio-8081-exec-1] o.a.k.clients.producer.KafkaProducer     : [Producer clientId=producer-1] Instantiated an idempotent producer.
2026-08-07 06:27:26.179  INFO 31672 --- [http-nio-8081-exec-1] o.a.kafka.common.utils.AppInfoParser     : Kafka version: 3.1.2
2026-08-07 06:27:26.180  INFO 31672 --- [http-nio-8081-exec-1] o.a.kafka.common.utils.AppInfoParser     : Kafka commitId: f8c67dc3ae0a3265
2026-08-07 06:27:26.180  INFO 31672 --- [http-nio-8081-exec-1] o.a.kafka.common.utils.AppInfoParser     : Kafka startTimeMs: 1786084046177
2026-08-07 06:27:26.744  INFO 31672 --- [kafka-producer-network-thread | producer-1] org.apache.kafka.clients.Metadata        : [Producer clientId=producer-1] Resetting the last seen epoch of partition notifications.pending-0 to 0 since the associated topicId changed from null to 1EGVJgaxR6mU1u-hvr_ChQ
2026-08-07 06:27:26.756  INFO 31672 --- [kafka-producer-network-thread | producer-1] org.apache.kafka.clients.Metadata        : [Producer clientId=producer-1] Cluster ID: icb0BPXCTu6vIOY6OWoMsw
2026-08-07 06:27:26.802  INFO 31672 --- [kafka-producer-network-thread | producer-1] o.a.k.c.p.internals.TransactionManager   : [Producer clientId=producer-1] ProducerId set to 0 with epoch 0
2026-08-07 06:27:26.893  INFO 31672 --- [kafka-producer-network-thread | producer-1] c.n.n.producer.NotificationProducer      : Event sent to Kafka: 0cec1f24-74ab-4a49-b6e2-386deb6e9769
2026-08-07 06:27:26.991  INFO 31672 --- [http-nio-8081-exec-1] c.n.n.service.NotificationService        : Saved successfully
2026-08-07 06:27:26.992  INFO 31672 --- [http-nio-8081-exec-1] c.n.n.service.NotificationService        : Notification queued: 0cec1f24-74ab-4a49-b6e2-386deb6e9769 for channel: email
2026-08-07 06:27:32.859  INFO 31672 --- [http-nio-8081-exec-3] c.n.n.service.NotificationService        : Notification 0cec1f24-74ab-4a49-b6e2-386deb6e9769 updated to SENT
2026-08-07 06:28:11.150  INFO 31672 --- [http-nio-8081-exec-4] c.n.n.controller.NotificationController  : Received notification request for channel: email
2026-08-07 06:28:11.170  INFO 31672 --- [kafka-producer-network-thread | producer-1] c.n.n.producer.NotificationProducer      : Event sent to Kafka: fabbf4ee-1e1c-4792-bc3d-d42b82d868d9
2026-08-07 06:28:11.180  INFO 31672 --- [http-nio-8081-exec-4] c.n.n.service.NotificationService        : Saved successfully
2026-08-07 06:28:11.182  INFO 31672 --- [http-nio-8081-exec-4] c.n.n.service.NotificationService        : Notification queued: fabbf4ee-1e1c-4792-bc3d-d42b82d868d9 for channel: email
2026-08-07 06:28:17.114  INFO 31672 --- [http-nio-8081-exec-5] c.n.n.service.NotificationService        : Notification fabbf4ee-1e1c-4792-bc3d-d42b82d868d9 updated to SENT
2026-08-07 06:36:26.828  INFO 31672 --- [kafka-producer-network-thread | producer-1] org.apache.kafka.clients.NetworkClient   : [Producer clientId=producer-1] Node -1 disconnected.
2026-08-07 06:53:59.361  INFO 31672 --- [SpringApplicationShutdownHook] o.a.k.clients.producer.KafkaProducer     : [Producer clientId=producer-1] Closing the Kafka producer with timeoutMillis = 30000 ms.
2026-08-07 06:53:59.369  INFO 31672 --- [SpringApplicationShutdownHook] org.apache.kafka.common.metrics.Metrics  : Metrics scheduler closed
2026-08-07 06:53:59.370  INFO 31672 --- [SpringApplicationShutdownHook] org.apache.kafka.common.metrics.Metrics  : Closing reporter org.apache.kafka.common.metrics.JmxReporter
2026-08-07 06:53:59.371  INFO 31672 --- [SpringApplicationShutdownHook] org.apache.kafka.common.metrics.Metrics  : Metrics reporters closed
2026-08-07 06:53:59.372  INFO 31672 --- [SpringApplicationShutdownHook] o.a.kafka.common.utils.AppInfoParser     : App info kafka.producer for producer-1 unregistered
2026-08-07 06:53:59.373  INFO 31672 --- [SpringApplicationShutdownHook] j.LocalContainerEntityManagerFactoryBean : Closing JPA EntityManagerFactory for persistence unit 'default'
2026-08-07 06:53:59.378  INFO 31672 --- [SpringApplicationShutdownHook] com.zaxxer.hikari.HikariDataSource       : HikariPool-1 - Shutdown initiated...
2026-08-07 06:53:59.391  INFO 31672 --- [SpringApplicationShutdownHook] com.zaxxer.hikari.HikariDataSource       : HikariPool-1 - Shutdown completed.
2026-08-07 06:54:03.574  INFO 21720 --- [main] c.n.n.NotificationApiApplication         : Starting NotificationApiApplication using Java 21.0.10 on KritiS-LAP with PID 21720 (D:\Spring-Pro\MicroServiceProjects\notification-system\notification-api\target\classes started by kriti in D:\Spring-Pro\MicroServiceProjects\notification-system)
2026-08-07 06:54:03.578  INFO 21720 --- [main] c.n.n.NotificationApiApplication         : No active profile set, falling back to 1 default profile: "default"
2026-08-07 06:54:04.404  INFO 21720 --- [main] .s.d.r.c.RepositoryConfigurationDelegate : Bootstrapping Spring Data JPA repositories in DEFAULT mode.
2026-08-07 06:54:04.440  INFO 21720 --- [main] .s.d.r.c.RepositoryConfigurationDelegate : Finished Spring Data repository scanning in 30 ms. Found 1 JPA repository interfaces.
2026-08-07 06:54:04.966  INFO 21720 --- [main] o.s.b.w.embedded.tomcat.TomcatWebServer  : Tomcat initialized with port(s): 8081 (http)
2026-08-07 06:54:04.976  INFO 21720 --- [main] o.apache.catalina.core.StandardService   : Starting service [Tomcat]
2026-08-07 06:54:04.976  INFO 21720 --- [main] org.apache.catalina.core.StandardEngine  : Starting Servlet engine: [Apache Tomcat/9.0.83]
2026-08-07 06:54:05.078  INFO 21720 --- [main] o.a.c.c.C.[Tomcat].[localhost].[/]       : Initializing Spring embedded WebApplicationContext
2026-08-07 06:54:05.079  INFO 21720 --- [main] w.s.c.ServletWebServerApplicationContext : Root WebApplicationContext: initialization completed in 1442 ms
2026-08-07 06:54:05.347  INFO 21720 --- [main] o.hibernate.jpa.internal.util.LogHelper  : HHH000204: Processing PersistenceUnitInfo [name: default]
2026-08-07 06:54:05.420  INFO 21720 --- [main] org.hibernate.Version                    : HHH000412: Hibernate ORM core version 5.6.15.Final
2026-08-07 06:54:05.669  INFO 21720 --- [main] o.hibernate.annotations.common.Version   : HCANN000001: Hibernate Commons Annotations {5.1.2.Final}
2026-08-07 06:54:05.827  INFO 21720 --- [main] com.zaxxer.hikari.HikariDataSource       : HikariPool-1 - Starting...
2026-08-07 06:54:06.030  INFO 21720 --- [main] com.zaxxer.hikari.HikariDataSource       : HikariPool-1 - Start completed.
2026-08-07 06:54:06.063  INFO 21720 --- [main] org.hibernate.dialect.Dialect            : HHH000400: Using dialect: org.hibernate.dialect.PostgreSQLDialect
2026-08-07 06:54:07.024  INFO 21720 --- [main] o.h.e.t.j.p.i.JtaPlatformInitiator       : HHH000490: Using JtaPlatform implementation: [org.hibernate.engine.transaction.jta.platform.internal.NoJtaPlatform]
2026-08-07 06:54:07.037  INFO 21720 --- [main] j.LocalContainerEntityManagerFactoryBean : Initialized JPA EntityManagerFactory for persistence unit 'default'
2026-08-07 06:54:07.344  WARN 21720 --- [main] JpaBaseConfiguration$JpaWebConfiguration : spring.jpa.open-in-view is enabled by default. Therefore, database queries may be performed during view rendering. Explicitly configure spring.jpa.open-in-view to disable this warning
2026-08-07 06:54:07.809  INFO 21720 --- [main] o.s.b.a.e.web.EndpointLinksResolver      : Exposing 1 endpoint(s) beneath base path '/actuator'
2026-08-07 06:54:07.854  INFO 21720 --- [main] o.s.b.w.embedded.tomcat.TomcatWebServer  : Tomcat started on port(s): 8081 (http) with context path ''
2026-08-07 06:54:07.868  INFO 21720 --- [main] c.n.n.NotificationApiApplication         : Started NotificationApiApplication in 4.742 seconds (JVM running for 5.229)
2026-08-07 06:58:36.624  INFO 21720 --- [http-nio-8081-exec-1] o.a.c.c.C.[Tomcat].[localhost].[/]       : Initializing Spring DispatcherServlet 'dispatcherServlet'
2026-08-07 06:58:36.626  INFO 21720 --- [http-nio-8081-exec-1] o.s.web.servlet.DispatcherServlet        : Initializing Servlet 'dispatcherServlet'
2026-08-07 06:58:36.639  INFO 21720 --- [http-nio-8081-exec-1] o.s.web.servlet.DispatcherServlet        : Completed initialization in 12 ms
2026-08-07 06:58:36.879  INFO 21720 --- [http-nio-8081-exec-1] c.n.n.controller.NotificationController  : Received notification request for channel: email
2026-08-07 06:58:36.911  INFO 21720 --- [http-nio-8081-exec-1] o.a.k.clients.producer.ProducerConfig    : ProducerConfig values: 
	acks = -1
	batch.size = 16384
	bootstrap.servers = [localhost:9092]
	buffer.memory = 33554432
	client.dns.lookup = use_all_dns_ips
	client.id = producer-1
	compression.type = none
	connections.max.idle.ms = 540000
	delivery.timeout.ms = 120000
	enable.idempotence = true
	interceptor.classes = []
	key.serializer = class org.apache.kafka.common.serialization.StringSerializer
	linger.ms = 0
	max.block.ms = 60000
	max.in.flight.requests.per.connection = 5
	max.request.size = 1048576
	metadata.max.age.ms = 300000
	metadata.max.idle.ms = 300000
	metric.reporters = []
	metrics.num.samples = 2
	metrics.recording.level = INFO
	metrics.sample.window.ms = 30000
	partitioner.class = class org.apache.kafka.clients.producer.internals.DefaultPartitioner
	receive.buffer.bytes = 32768
	reconnect.backoff.max.ms = 1000
	reconnect.backoff.ms = 50
	request.timeout.ms = 30000
	retries = 2147483647
	retry.backoff.ms = 100
	sasl.client.callback.handler.class = null
	sasl.jaas.config = null
	sasl.kerberos.kinit.cmd = /usr/bin/kinit
	sasl.kerberos.min.time.before.relogin = 60000
	sasl.kerberos.service.name = null
	sasl.kerberos.ticket.renew.jitter = 0.05
	sasl.kerberos.ticket.renew.window.factor = 0.8
	sasl.login.callback.handler.class = null
	sasl.login.class = null
	sasl.login.connect.timeout.ms = null
	sasl.login.read.timeout.ms = null
	sasl.login.refresh.buffer.seconds = 300
	sasl.login.refresh.min.period.seconds = 60
	sasl.login.refresh.window.factor = 0.8
	sasl.login.refresh.window.jitter = 0.05
	sasl.login.retry.backoff.max.ms = 10000
	sasl.login.retry.backoff.ms = 100
	sasl.mechanism = GSSAPI
	sasl.oauthbearer.clock.skew.seconds = 30
	sasl.oauthbearer.expected.audience = null
	sasl.oauthbearer.expected.issuer = null
	sasl.oauthbearer.jwks.endpoint.refresh.ms = 3600000
	sasl.oauthbearer.jwks.endpoint.retry.backoff.max.ms = 10000
	sasl.oauthbearer.jwks.endpoint.retry.backoff.ms = 100
	sasl.oauthbearer.jwks.endpoint.url = null
	sasl.oauthbearer.scope.claim.name = scope
	sasl.oauthbearer.sub.claim.name = sub
	sasl.oauthbearer.token.endpoint.url = null
	security.protocol = PLAINTEXT
	security.providers = null
	send.buffer.bytes = 131072
	socket.connection.setup.timeout.max.ms = 30000
	socket.connection.setup.timeout.ms = 10000
	ssl.cipher.suites = null
	ssl.enabled.protocols = [TLSv1.2, TLSv1.3]
	ssl.endpoint.identification.algorithm = https
	ssl.engine.factory.class = null
	ssl.key.password = null
	ssl.keymanager.algorithm = SunX509
	ssl.keystore.certificate.chain = null
	ssl.keystore.key = null
	ssl.keystore.location = null
	ssl.keystore.password = null
	ssl.keystore.type = JKS
	ssl.protocol = TLSv1.3
	ssl.provider = null
	ssl.secure.random.implementation = null
	ssl.trustmanager.algorithm = PKIX
	ssl.truststore.certificates = null
	ssl.truststore.location = null
	ssl.truststore.password = null
	ssl.truststore.type = JKS
	transaction.timeout.ms = 60000
	transactional.id = null
	value.serializer = class org.springframework.kafka.support.serializer.JsonSerializer

2026-08-07 06:58:36.962  INFO 21720 --- [http-nio-8081-exec-1] o.a.k.clients.producer.KafkaProducer     : [Producer clientId=producer-1] Instantiated an idempotent producer.
2026-08-07 06:58:37.044  INFO 21720 --- [http-nio-8081-exec-1] o.a.kafka.common.utils.AppInfoParser     : Kafka version: 3.1.2
2026-08-07 06:58:37.044  INFO 21720 --- [http-nio-8081-exec-1] o.a.kafka.common.utils.AppInfoParser     : Kafka commitId: f8c67dc3ae0a3265
2026-08-07 06:58:37.044  INFO 21720 --- [http-nio-8081-exec-1] o.a.kafka.common.utils.AppInfoParser     : Kafka startTimeMs: 1786085917042
2026-08-07 06:58:37.589  INFO 21720 --- [kafka-producer-network-thread | producer-1] org.apache.kafka.clients.Metadata        : [Producer clientId=producer-1] Resetting the last seen epoch of partition notifications.pending-0 to 0 since the associated topicId changed from null to 1EGVJgaxR6mU1u-hvr_ChQ
2026-08-07 06:58:37.594  INFO 21720 --- [kafka-producer-network-thread | producer-1] org.apache.kafka.clients.Metadata        : [Producer clientId=producer-1] Cluster ID: icb0BPXCTu6vIOY6OWoMsw
2026-08-07 06:58:37.597  INFO 21720 --- [kafka-producer-network-thread | producer-1] o.a.k.c.p.internals.TransactionManager   : [Producer clientId=producer-1] ProducerId set to 1 with epoch 0
2026-08-07 06:58:37.726  INFO 21720 --- [kafka-producer-network-thread | producer-1] c.n.n.producer.NotificationProducer      : Event sent to Kafka: c9070666-1651-4776-bf7f-683463a9c4ef
2026-08-07 06:58:37.835  INFO 21720 --- [http-nio-8081-exec-1] c.n.n.service.NotificationService        : Saved successfully
2026-08-07 06:58:37.835  INFO 21720 --- [http-nio-8081-exec-1] c.n.n.service.NotificationService        : Notification queued: c9070666-1651-4776-bf7f-683463a9c4ef for channel: email
2026-08-07 06:58:44.738  INFO 21720 --- [http-nio-8081-exec-8] c.n.n.service.NotificationService        : Notification c9070666-1651-4776-bf7f-683463a9c4ef updated to SENT
2026-08-07 07:17:10.915  WARN 21720 --- [HikariPool-1 housekeeper] com.zaxxer.hikari.pool.HikariPool        : HikariPool-1 - Thread starvation or clock leap detected (housekeeper delta=12m34s619ms751µs300ns).
2026-08-07 07:17:12.239  INFO 21720 --- [kafka-producer-network-thread | producer-1] org.apache.kafka.clients.NetworkClient   : [Producer clientId=producer-1] Node -1 disconnected.
2026-08-07 07:17:12.344  INFO 21720 --- [kafka-producer-network-thread | producer-1] org.apache.kafka.clients.NetworkClient   : [Producer clientId=producer-1] Node 1 disconnected.
2026-08-07 07:27:28.461  INFO 21720 --- [http-nio-8081-exec-7] c.n.n.controller.NotificationController  : Received notification request for channel: email
2026-08-07 07:27:28.470  INFO 21720 --- [kafka-producer-network-thread | producer-1] org.apache.kafka.clients.Metadata        : [Producer clientId=producer-1] Resetting the last seen epoch of partition notifications.pending-0 to 0 since the associated topicId changed from null to 1EGVJgaxR6mU1u-hvr_ChQ
2026-08-07 07:27:28.482  INFO 21720 --- [kafka-producer-network-thread | producer-1] c.n.n.producer.NotificationProducer      : Event sent to Kafka: a1329c9d-ef83-41f7-b78d-3694b73540ba
2026-08-07 07:27:28.503  INFO 21720 --- [http-nio-8081-exec-7] c.n.n.service.NotificationService        : Saved successfully
2026-08-07 07:27:28.504  INFO 21720 --- [http-nio-8081-exec-7] c.n.n.service.NotificationService        : Notification queued: a1329c9d-ef83-41f7-b78d-3694b73540ba for channel: email
2026-08-07 07:27:34.603  INFO 21720 --- [http-nio-8081-exec-3] c.n.n.service.NotificationService        : Notification a1329c9d-ef83-41f7-b78d-3694b73540ba updated to SENT
2026-08-07 07:28:52.014  INFO 21720 --- [http-nio-8081-exec-4] c.n.n.controller.NotificationController  : Received notification request for channel: email
2026-08-07 07:28:52.028  INFO 21720 --- [kafka-producer-network-thread | producer-1] c.n.n.producer.NotificationProducer      : Event sent to Kafka: 657b0a12-9182-4b35-9e54-d23d64ed42af
2026-08-07 07:28:52.044  INFO 21720 --- [http-nio-8081-exec-4] c.n.n.service.NotificationService        : Saved successfully
2026-08-07 07:28:52.044  INFO 21720 --- [http-nio-8081-exec-4] c.n.n.service.NotificationService        : Notification queued: 657b0a12-9182-4b35-9e54-d23d64ed42af for channel: email
2026-08-07 07:28:57.947  INFO 21720 --- [http-nio-8081-exec-8] c.n.n.service.NotificationService        : Notification 657b0a12-9182-4b35-9e54-d23d64ed42af updated to SENT
